  Entity.cpp
C:\SFML-3.0.0\include\SFML\System\Exception.hpp(41,47): warning C4275: non dll-interface class 'std::runtime_error' used as base for dll-interface class 'sf::Exception'
  (compiling source file 'Entity.cpp')
      C:\Program Files\Microsoft Visual Studio\2022\Community\VC\Tools\MSVC\14.41.34120\include\stdexcept(100,19):
      see declaration of 'std::runtime_error'
      C:\SFML-3.0.0\include\SFML\System\Exception.hpp(41,23):
      see declaration of 'sf::Exception'
  
  FlowField.cpp
C:\SFML-3.0.0\include\SFML\System\Exception.hpp(41,47): warning C4275: non dll-interface class 'std::runtime_error' used as base for dll-interface class 'sf::Exception'
  (compiling source file 'FlowField.cpp')
      C:\Program Files\Microsoft Visual Studio\2022\Community\VC\Tools\MSVC\14.41.34120\include\stdexcept(100,19):
      see declaration of 'std::runtime_error'
      C:\SFML-3.0.0\include\SFML\System\Exception.hpp(41,23):
      see declaration of 'sf::Exception'
  
C:\Users\Jordan\Desktop\4th Year Work\AIGames\AI-Games\AI Games Lab5 Flow Fields\AI Games Lab5 Flow Fields\FlowField.cpp(90,43): warning C4244: 'argument': conversion from 'int' to 'uint8_t', possible loss of data
C:\Users\Jordan\Desktop\4th Year Work\AIGames\AI-Games\AI Games Lab5 Flow Fields\AI Games Lab5 Flow Fields\FlowField.cpp(90,38): warning C4244: 'argument': conversion from 'int' to 'uint8_t', possible loss of data
  Game.cpp
  GridTiles.cpp
C:\SFML-3.0.0\include\SFML\System\Exception.hpp(41,47): warning C4275: non dll-interface class 'std::runtime_error' used as base for dll-interface class 'sf::Exception'
  (compiling source file 'GridTiles.cpp')
      C:\Program Files\Microsoft Visual Studio\2022\Community\VC\Tools\MSVC\14.41.34120\include\stdexcept(100,19):
      see declaration of 'std::runtime_error'
      C:\SFML-3.0.0\include\SFML\System\Exception.hpp(41,23):
      see declaration of 'sf::Exception'
  
C:\Users\Jordan\Desktop\4th Year Work\AIGames\AI-Games\AI Games Lab5 Flow Fields\AI Games Lab5 Flow Fields\GridTiles.cpp(38,2): warning C4018: '<': signed/unsigned mismatch
  main.cpp
  Tiles.cpp
C:\SFML-3.0.0\include\SFML\System\Exception.hpp(41,47): warning C4275: non dll-interface class 'std::runtime_error' used as base for dll-interface class 'sf::Exception'
  (compiling source file 'Tiles.cpp')
      C:\Program Files\Microsoft Visual Studio\2022\Community\VC\Tools\MSVC\14.41.34120\include\stdexcept(100,19):
      see declaration of 'std::runtime_error'
      C:\SFML-3.0.0\include\SFML\System\Exception.hpp(41,23):
      see declaration of 'sf::Exception'
  
C:\Users\Jordan\Desktop\4th Year Work\AIGames\AI-Games\AI Games Lab5 Flow Fields\AI Games Lab5 Flow Fields\Tiles.cpp(15,60): warning C4100: 't_colour': unreferenced formal parameter
  Generating Code...
C:\Users\Jordan\Desktop\4th Year Work\AIGames\AI-Games\AI Games Lab5 Flow Fields\AI Games Lab5 Flow Fields\Tiles.cpp(108,1): warning C4172: returning address of local variable or temporary 
C:\Users\Jordan\Desktop\4th Year Work\AIGames\AI-Games\AI Games Lab5 Flow Fields\AI Games Lab5 Flow Fields\Tiles.cpp(114,1): warning C4172: returning address of local variable or temporary 
  AI Games Lab5 Flow Fields.vcxproj -> C:\Users\Jordan\Desktop\4th Year Work\AIGames\AI-Games\AI Games Lab5 Flow Fields\Debug\AI Games Lab5 Flow Fields.exe
  'pwsh.exe' is not recognized as an internal or external command,
  operable program or batch file.
